../Core/Drivers/tof.c:106:6:TOF_Init_All	32	static
../Core/Drivers/tof.c:167:6:TOF_Set_Interrupt_Threshold	24	static
../Core/Drivers/tof.c:185:6:TOF_Clear_Interrupt	16	static
../Core/Drivers/tof.c:189:9:TOF_Read_All	24	static
../Core/Drivers/tof.c:204:13:writeReg	32	static
../Core/Drivers/tof.c:209:13:writeReg16Bit	40	static
../Core/Drivers/tof.c:216:13:writeReg32Bit	48	static
../Core/Drivers/tof.c:225:16:readReg	40	static
../Core/Drivers/tof.c:232:17:readReg16Bit	40	static
../Core/Drivers/tof.c:239:17:readReg32Bit	40	static
../Core/Drivers/tof.c:246:13:writeMulti	48	static
../Core/Drivers/tof.c:250:13:readMulti	48	static
../Core/Drivers/tof.c:257:6:setAddress_VL53L0X	16	static
../Core/Drivers/tof.c:262:9:getAddress_VL53L0X	16	static
../Core/Drivers/tof.c:266:9:initVL53L0X	40	static
../Core/Drivers/tof.c:437:9:setSignalRateLimit	16	static
../Core/Drivers/tof.c:444:7:getSignalRateLimit	16	static
../Core/Drivers/tof.c:449:9:setMeasurementTimingBudget	80	static
../Core/Drivers/tof.c:503:10:getMeasurementTimingBudget	64	static
../Core/Drivers/tof.c:539:9:setVcselPulsePeriod	56	static
../Core/Drivers/tof.c:644:9:getVcselPulsePeriod	16	static
../Core/Drivers/tof.c:653:6:startContinuous	24	static
../Core/Drivers/tof.c:679:6:stopContinuous	16	static
../Core/Drivers/tof.c:689:10:readRangeContinuousMillimeters	32	static
../Core/Drivers/tof.c:715:10:readRangeSingleMillimeters	16	static
../Core/Drivers/tof.c:734:6:timeoutOccurred	24	static
../Core/Drivers/tof.c:741:6:setTimeout	16	static
../Core/Drivers/tof.c:745:10:getTimeout	16	static
../Core/Drivers/tof.c:750:13:getSpadInfo	32	static
../Core/Drivers/tof.c:789:13:getSequenceStepEnables	24	static
../Core/Drivers/tof.c:800:13:getSequenceStepTimeouts	24	static
../Core/Drivers/tof.c:830:17:decodeTimeout	16	static
../Core/Drivers/tof.c:837:17:encodeTimeout	24	static
../Core/Drivers/tof.c:856:17:timeoutMclksToMicroseconds	24	static
../Core/Drivers/tof.c:862:17:timeoutMicrosecondsToMclks	24	static
../Core/Drivers/tof.c:868:13:performSingleRefCalibration	16	static
